Arena Assistant  認識サーバ
  numpy     : あり
  DB        : C:\Users\7000016467\workspace\HS\arena_features.sqlite3
  カード    : 7351 枚
  変種      : 37 通り／枚

  運用  http://localhost:8080/arena_assistant.html
  検証  http://localhost:8080/arena_test.html
判定 3枚  hero=ALL
  [1/3] left
      query 変換 0.00s
      recognize 開始
      index 取得 0.00s
      候補絞り込み 7351枚  0.00s
        Stage1 2048/7351  0.03s
        Stage1 4096/7351  0.07s
        Stage1 6144/7351  0.11s
        Stage1 7351/7351  0.13s
      Stage1 完了 → 800枚  0.13s
        変種探索 10/37  0.05s
        変種探索 20/37  0.09s
        変種探索 30/37  0.13s
        変種探索 37/37  0.16s
      Stage2 完了  0.38s  (合計 0.50s)
  [1/3] left -> ok 粉砕されたドラゴンソウル  0.51s
  [2/3] middle
      query 変換 0.00s
      recognize 開始
      index 取得 0.00s
      候補絞り込み 7351枚  0.00s
        Stage1 2048/7351  0.17s
        Stage1 4096/7351  0.39s
        Stage1 6144/7351  0.83s
        Stage1 7351/7351  1.00s
      Stage1 完了 → 800枚  1.01s
        変種探索 10/37  0.34s
        変種探索 20/37  0.45s
        変種探索 30/37  0.56s
        変種探索 37/37  0.58s
      Stage2 完了  0.67s  (合計 1.68s)
  [2/3] middle -> ok シャラドラシル  1.68s
  [3/3] right
      query 変換 0.00s
      recognize 開始
      index 取得 0.00s
      候補絞り込み 7351枚  0.00s
        Stage1 2048/7351  0.05s
        Stage1 4096/7351  0.09s
        Stage1 6144/7351  0.13s
        Stage1 7351/7351  0.16s
      Stage1 完了 → 800枚  0.16s
        変種探索 10/37  0.52s
        変種探索 20/37  0.72s
        変種探索 30/37  0.76s
        変種探索 37/37  0.79s
      Stage2 完了  0.90s  (合計 1.07s)
  [3/3] right -> ok 見えざる者オプー  1.07s
判定完了  合計 3.27s
